INFO:     Will watch for changes in these directories: ['/home/irieman/Pulpit/1 IT/Antigravity/Simple Investing']
INFO:     Uvicorn running on http://127.0.0.1:8000 (Press CTRL+C to quit)
INFO:     Started reloader process [46435] using WatchFiles
INFO:     Started server process [46437]
INFO:     Waiting for application startup.
2026-04-17 17:41:09,393 - INFO - Database connected successfully using Flask context.
2026-04-17 17:41:09,396 - INFO - Adding job tentatively -- it will be properly scheduled when the scheduler starts
2026-04-17 17:41:09,397 - INFO - Adding job tentatively -- it will be properly scheduled when the scheduler starts
2026-04-17 17:41:09,397 - INFO - Added job "update_job" to job store "default"
2026-04-17 17:41:09,397 - INFO - Added job "sync_macro_job" to job store "default"
2026-04-17 17:41:09,398 - INFO - Scheduler started
2026-04-17 17:41:09,398 - INFO - Scheduler started.
2026-04-17 17:41:09,398 - INFO - Application success: 🚀 ZenETFs: Nowa wersja aplikacji została pomyślnie uruchomiona na serwerze!
2026-04-17 17:41:09,399 - INFO - Sending info alert via WhatsApp.
2026-04-17 17:41:09,399 - INFO - Non-production environment (development) detected. WhatsApp alert skipped.
INFO:     Application startup complete.
/home/irieman/Pulpit/1 IT/Antigravity/Simple Investing/helpers_v2.py:227: FutureWarning: 'M' is deprecated and will be removed in a future version, please use 'ME' instead.
  monthly_price = df['price'].resample('M').last()
/home/irieman/Pulpit/1 IT/Antigravity/Simple Investing/helpers_v2.py:227: FutureWarning: 'M' is deprecated and will be removed in a future version, please use 'ME' instead.
  monthly_price = df['price'].resample('M').last()
/home/irieman/Pulpit/1 IT/Antigravity/Simple Investing/helpers_v2.py:237: RuntimeWarning: '<' not supported between instances of 'Timestamp' and 'int', sort order is undefined for incomparable objects.
  blended_returns = blended_returns.add(monthly_ret * pct, fill_value=0.0)
/home/irieman/Pulpit/1 IT/Antigravity/Simple Investing/helpers_v2.py:227: FutureWarning: 'M' is deprecated and will be removed in a future version, please use 'ME' instead.
  monthly_price = df['price'].resample('M').last()
/home/irieman/Pulpit/1 IT/Antigravity/Simple Investing/helpers_v2.py:237: RuntimeWarning: '<' not supported between instances of 'Timestamp' and 'int', sort order is undefined for incomparable objects.
  blended_returns = blended_returns.add(monthly_ret * pct, fill_value=0.0)
/home/irieman/Pulpit/1 IT/Antigravity/Simple Investing/helpers_v2.py:227: FutureWarning: 'M' is deprecated and will be removed in a future version, please use 'ME' instead.
  monthly_price = df['price'].resample('M').last()
/home/irieman/Pulpit/1 IT/Antigravity/Simple Investing/helpers_v2.py:227: FutureWarning: 'M' is deprecated and will be removed in a future version, please use 'ME' instead.
  monthly_price = df['price'].resample('M').last()
/home/irieman/Pulpit/1 IT/Antigravity/Simple Investing/helpers_v2.py:237: RuntimeWarning: '<' not supported between instances of 'Timestamp' and 'int', sort order is undefined for incomparable objects.
  blended_returns = blended_returns.add(monthly_ret * pct, fill_value=0.0)
/home/irieman/Pulpit/1 IT/Antigravity/Simple Investing/helpers_v2.py:227: FutureWarning: 'M' is deprecated and will be removed in a future version, please use 'ME' instead.
  monthly_price = df['price'].resample('M').last()
/home/irieman/Pulpit/1 IT/Antigravity/Simple Investing/helpers_v2.py:237: RuntimeWarning: '<' not supported between instances of 'Timestamp' and 'int', sort order is undefined for incomparable objects.
  blended_returns = blended_returns.add(monthly_ret * pct, fill_value=0.0)
/home/irieman/Pulpit/1 IT/Antigravity/Simple Investing/helpers_v2.py:227: FutureWarning: 'M' is deprecated and will be removed in a future version, please use 'ME' instead.
  monthly_price = df['price'].resample('M').last()
/home/irieman/Pulpit/1 IT/Antigravity/Simple Investing/helpers_v2.py:227: FutureWarning: 'M' is deprecated and will be removed in a future version, please use 'ME' instead.
  monthly_price = df['price'].resample('M').last()
/home/irieman/Pulpit/1 IT/Antigravity/Simple Investing/helpers_v2.py:237: RuntimeWarning: '<' not supported between instances of 'Timestamp' and 'int', sort order is undefined for incomparable objects.
  blended_returns = blended_returns.add(monthly_ret * pct, fill_value=0.0)
/home/irieman/Pulpit/1 IT/Antigravity/Simple Investing/helpers_v2.py:227: FutureWarning: 'M' is deprecated and will be removed in a future version, please use 'ME' instead.
  monthly_price = df['price'].resample('M').last()
/home/irieman/Pulpit/1 IT/Antigravity/Simple Investing/helpers_v2.py:237: RuntimeWarning: '<' not supported between instances of 'Timestamp' and 'int', sort order is undefined for incomparable objects.
  blended_returns = blended_returns.add(monthly_ret * pct, fill_value=0.0)
/home/irieman/Pulpit/1 IT/Antigravity/Simple Investing/helpers_v2.py:227: FutureWarning: 'M' is deprecated and will be removed in a future version, please use 'ME' instead.
  monthly_price = df['price'].resample('M').last()
/home/irieman/Pulpit/1 IT/Antigravity/Simple Investing/helpers_v2.py:227: FutureWarning: 'M' is deprecated and will be removed in a future version, please use 'ME' instead.
  monthly_price = df['price'].resample('M').last()
/home/irieman/Pulpit/1 IT/Antigravity/Simple Investing/helpers_v2.py:237: RuntimeWarning: '<' not supported between instances of 'Timestamp' and 'int', sort order is undefined for incomparable objects.
  blended_returns = blended_returns.add(monthly_ret * pct, fill_value=0.0)
/home/irieman/Pulpit/1 IT/Antigravity/Simple Investing/helpers_v2.py:227: FutureWarning: 'M' is deprecated and will be removed in a future version, please use 'ME' instead.
  monthly_price = df['price'].resample('M').last()
/home/irieman/Pulpit/1 IT/Antigravity/Simple Investing/helpers_v2.py:237: RuntimeWarning: '<' not supported between instances of 'Timestamp' and 'int', sort order is undefined for incomparable objects.
  blended_returns = blended_returns.add(monthly_ret * pct, fill_value=0.0)
/home/irieman/Pulpit/1 IT/Antigravity/Simple Investing/helpers_v2.py:227: FutureWarning: 'M' is deprecated and will be removed in a future version, please use 'ME' instead.
  monthly_price = df['price'].resample('M').last()
/home/irieman/Pulpit/1 IT/Antigravity/Simple Investing/helpers_v2.py:237: RuntimeWarning: '<' not supported between instances of 'Timestamp' and 'int', sort order is undefined for incomparable objects.
  blended_returns = blended_returns.add(monthly_ret * pct, fill_value=0.0)
/home/irieman/Pulpit/1 IT/Antigravity/Simple Investing/helpers_v2.py:227: FutureWarning: 'M' is deprecated and will be removed in a future version, please use 'ME' instead.
  monthly_price = df['price'].resample('M').last()
/home/irieman/Pulpit/1 IT/Antigravity/Simple Investing/helpers_v2.py:237: RuntimeWarning: '<' not supported between instances of 'Timestamp' and 'int', sort order is undefined for incomparable objects.
  blended_returns = blended_returns.add(monthly_ret * pct, fill_value=0.0)
/home/irieman/Pulpit/1 IT/Antigravity/Simple Investing/helpers_v2.py:227: FutureWarning: 'M' is deprecated and will be removed in a future version, please use 'ME' instead.
  monthly_price = df['price'].resample('M').last()
/home/irieman/Pulpit/1 IT/Antigravity/Simple Investing/helpers_v2.py:237: RuntimeWarning: '<' not supported between instances of 'Timestamp' and 'int', sort order is undefined for incomparable objects.
  blended_returns = blended_returns.add(monthly_ret * pct, fill_value=0.0)
/home/irieman/Pulpit/1 IT/Antigravity/Simple Investing/helpers_v2.py:227: FutureWarning: 'M' is deprecated and will be removed in a future version, please use 'ME' instead.
  monthly_price = df['price'].resample('M').last()
/home/irieman/Pulpit/1 IT/Antigravity/Simple Investing/helpers_v2.py:227: FutureWarning: 'M' is deprecated and will be removed in a future version, please use 'ME' instead.
  monthly_price = df['price'].resample('M').last()
/home/irieman/Pulpit/1 IT/Antigravity/Simple Investing/helpers_v2.py:237: RuntimeWarning: '<' not supported between instances of 'Timestamp' and 'int', sort order is undefined for incomparable objects.
  blended_returns = blended_returns.add(monthly_ret * pct, fill_value=0.0)
/home/irieman/Pulpit/1 IT/Antigravity/Simple Investing/helpers_v2.py:227: FutureWarning: 'M' is deprecated and will be removed in a future version, please use 'ME' instead.
  monthly_price = df['price'].resample('M').last()
/home/irieman/Pulpit/1 IT/Antigravity/Simple Investing/helpers_v2.py:237: RuntimeWarning: '<' not supported between instances of 'Timestamp' and 'int', sort order is undefined for incomparable objects.
  blended_returns = blended_returns.add(monthly_ret * pct, fill_value=0.0)
/home/irieman/Pulpit/1 IT/Antigravity/Simple Investing/helpers_v2.py:227: FutureWarning: 'M' is deprecated and will be removed in a future version, please use 'ME' instead.
  monthly_price = df['price'].resample('M').last()
/home/irieman/Pulpit/1 IT/Antigravity/Simple Investing/helpers_v2.py:237: RuntimeWarning: '<' not supported between instances of 'Timestamp' and 'int', sort order is undefined for incomparable objects.
  blended_returns = blended_returns.add(monthly_ret * pct, fill_value=0.0)
/home/irieman/Pulpit/1 IT/Antigravity/Simple Investing/helpers_v2.py:227: FutureWarning: 'M' is deprecated and will be removed in a future version, please use 'ME' instead.
  monthly_price = df['price'].resample('M').last()
/home/irieman/Pulpit/1 IT/Antigravity/Simple Investing/helpers_v2.py:237: RuntimeWarning: '<' not supported between instances of 'Timestamp' and 'int', sort order is undefined for incomparable objects.
  blended_returns = blended_returns.add(monthly_ret * pct, fill_value=0.0)
/home/irieman/Pulpit/1 IT/Antigravity/Simple Investing/helpers_v2.py:227: FutureWarning: 'M' is deprecated and will be removed in a future version, please use 'ME' instead.
  monthly_price = df['price'].resample('M').last()
/home/irieman/Pulpit/1 IT/Antigravity/Simple Investing/helpers_v2.py:237: RuntimeWarning: '<' not supported between instances of 'Timestamp' and 'int', sort order is undefined for incomparable objects.
  blended_returns = blended_returns.add(monthly_ret * pct, fill_value=0.0)
/home/irieman/Pulpit/1 IT/Antigravity/Simple Investing/helpers_v2.py:227: FutureWarning: 'M' is deprecated and will be removed in a future version, please use 'ME' instead.
  monthly_price = df['price'].resample('M').last()
/home/irieman/Pulpit/1 IT/Antigravity/Simple Investing/helpers_v2.py:227: FutureWarning: 'M' is deprecated and will be removed in a future version, please use 'ME' instead.
  monthly_price = df['price'].resample('M').last()
/home/irieman/Pulpit/1 IT/Antigravity/Simple Investing/helpers_v2.py:237: RuntimeWarning: '<' not supported between instances of 'Timestamp' and 'int', sort order is undefined for incomparable objects.
  blended_returns = blended_returns.add(monthly_ret * pct, fill_value=0.0)
/home/irieman/Pulpit/1 IT/Antigravity/Simple Investing/helpers_v2.py:227: FutureWarning: 'M' is deprecated and will be removed in a future version, please use 'ME' instead.
  monthly_price = df['price'].resample('M').last()
/home/irieman/Pulpit/1 IT/Antigravity/Simple Investing/helpers_v2.py:237: RuntimeWarning: '<' not supported between instances of 'Timestamp' and 'int', sort order is undefined for incomparable objects.
  blended_returns = blended_returns.add(monthly_ret * pct, fill_value=0.0)
/home/irieman/Pulpit/1 IT/Antigravity/Simple Investing/helpers_v2.py:227: FutureWarning: 'M' is deprecated and will be removed in a future version, please use 'ME' instead.
  monthly_price = df['price'].resample('M').last()
/home/irieman/Pulpit/1 IT/Antigravity/Simple Investing/helpers_v2.py:237: RuntimeWarning: '<' not supported between instances of 'Timestamp' and 'int', sort order is undefined for incomparable objects.
  blended_returns = blended_returns.add(monthly_ret * pct, fill_value=0.0)
/home/irieman/Pulpit/1 IT/Antigravity/Simple Investing/helpers_v2.py:227: FutureWarning: 'M' is deprecated and will be removed in a future version, please use 'ME' instead.
  monthly_price = df['price'].resample('M').last()
/home/irieman/Pulpit/1 IT/Antigravity/Simple Investing/helpers_v2.py:227: FutureWarning: 'M' is deprecated and will be removed in a future version, please use 'ME' instead.
  monthly_price = df['price'].resample('M').last()
/home/irieman/Pulpit/1 IT/Antigravity/Simple Investing/helpers_v2.py:237: RuntimeWarning: '<' not supported between instances of 'Timestamp' and 'int', sort order is undefined for incomparable objects.
  blended_returns = blended_returns.add(monthly_ret * pct, fill_value=0.0)
/home/irieman/Pulpit/1 IT/Antigravity/Simple Investing/helpers_v2.py:227: FutureWarning: 'M' is deprecated and will be removed in a future version, please use 'ME' instead.
  monthly_price = df['price'].resample('M').last()
/home/irieman/Pulpit/1 IT/Antigravity/Simple Investing/helpers_v2.py:237: RuntimeWarning: '<' not supported between instances of 'Timestamp' and 'int', sort order is undefined for incomparable objects.
  blended_returns = blended_returns.add(monthly_ret * pct, fill_value=0.0)
/home/irieman/Pulpit/1 IT/Antigravity/Simple Investing/helpers_v2.py:227: FutureWarning: 'M' is deprecated and will be removed in a future version, please use 'ME' instead.
  monthly_price = df['price'].resample('M').last()
/home/irieman/Pulpit/1 IT/Antigravity/Simple Investing/helpers_v2.py:237: RuntimeWarning: '<' not supported between instances of 'Timestamp' and 'int', sort order is undefined for incomparable objects.
  blended_returns = blended_returns.add(monthly_ret * pct, fill_value=0.0)
/home/irieman/Pulpit/1 IT/Antigravity/Simple Investing/helpers_v2.py:227: FutureWarning: 'M' is deprecated and will be removed in a future version, please use 'ME' instead.
  monthly_price = df['price'].resample('M').last()
/home/irieman/Pulpit/1 IT/Antigravity/Simple Investing/helpers_v2.py:230: FutureWarning: The default fill_method='pad' in Series.pct_change is deprecated and will be removed in a future version. Either fill in any non-leading NA values prior to calling pct_change or specify 'fill_method=None' to not fill NA values.
  monthly_ret = monthly_price.pct_change().dropna()
/home/irieman/Pulpit/1 IT/Antigravity/Simple Investing/helpers_v2.py:227: FutureWarning: 'M' is deprecated and will be removed in a future version, please use 'ME' instead.
  monthly_price = df['price'].resample('M').last()
/home/irieman/Pulpit/1 IT/Antigravity/Simple Investing/helpers_v2.py:230: FutureWarning: The default fill_method='pad' in Series.pct_change is deprecated and will be removed in a future version. Either fill in any non-leading NA values prior to calling pct_change or specify 'fill_method=None' to not fill NA values.
  monthly_ret = monthly_price.pct_change().dropna()
/home/irieman/Pulpit/1 IT/Antigravity/Simple Investing/helpers_v2.py:237: RuntimeWarning: '<' not supported between instances of 'Timestamp' and 'int', sort order is undefined for incomparable objects.
  blended_returns = blended_returns.add(monthly_ret * pct, fill_value=0.0)
/home/irieman/Pulpit/1 IT/Antigravity/Simple Investing/helpers_v2.py:227: FutureWarning: 'M' is deprecated and will be removed in a future version, please use 'ME' instead.
  monthly_price = df['price'].resample('M').last()
/home/irieman/Pulpit/1 IT/Antigravity/Simple Investing/helpers_v2.py:230: FutureWarning: The default fill_method='pad' in Series.pct_change is deprecated and will be removed in a future version. Either fill in any non-leading NA values prior to calling pct_change or specify 'fill_method=None' to not fill NA values.
  monthly_ret = monthly_price.pct_change().dropna()
/home/irieman/Pulpit/1 IT/Antigravity/Simple Investing/helpers_v2.py:237: RuntimeWarning: '<' not supported between instances of 'Timestamp' and 'int', sort order is undefined for incomparable objects.
  blended_returns = blended_returns.add(monthly_ret * pct, fill_value=0.0)
INFO:     127.0.0.1:45256 - "GET /api/data?lang=pl&currency=PLN&inflation=true HTTP/1.1" 200 OK
/home/irieman/Pulpit/1 IT/Antigravity/Simple Investing/helpers_v2.py:227: FutureWarning: 'M' is deprecated and will be removed in a future version, please use 'ME' instead.
  monthly_price = df['price'].resample('M').last()
/home/irieman/Pulpit/1 IT/Antigravity/Simple Investing/helpers_v2.py:227: FutureWarning: 'M' is deprecated and will be removed in a future version, please use 'ME' instead.
  monthly_price = df['price'].resample('M').last()
/home/irieman/Pulpit/1 IT/Antigravity/Simple Investing/helpers_v2.py:237: RuntimeWarning: '<' not supported between instances of 'Timestamp' and 'int', sort order is undefined for incomparable objects.
  blended_returns = blended_returns.add(monthly_ret * pct, fill_value=0.0)
/home/irieman/Pulpit/1 IT/Antigravity/Simple Investing/helpers_v2.py:227: FutureWarning: 'M' is deprecated and will be removed in a future version, please use 'ME' instead.
  monthly_price = df['price'].resample('M').last()
/home/irieman/Pulpit/1 IT/Antigravity/Simple Investing/helpers_v2.py:237: RuntimeWarning: '<' not supported between instances of 'Timestamp' and 'int', sort order is undefined for incomparable objects.
  blended_returns = blended_returns.add(monthly_ret * pct, fill_value=0.0)
/home/irieman/Pulpit/1 IT/Antigravity/Simple Investing/helpers_v2.py:227: FutureWarning: 'M' is deprecated and will be removed in a future version, please use 'ME' instead.
  monthly_price = df['price'].resample('M').last()
/home/irieman/Pulpit/1 IT/Antigravity/Simple Investing/helpers_v2.py:227: FutureWarning: 'M' is deprecated and will be removed in a future version, please use 'ME' instead.
  monthly_price = df['price'].resample('M').last()
/home/irieman/Pulpit/1 IT/Antigravity/Simple Investing/helpers_v2.py:237: RuntimeWarning: '<' not supported between instances of 'Timestamp' and 'int', sort order is undefined for incomparable objects.
  blended_returns = blended_returns.add(monthly_ret * pct, fill_value=0.0)
/home/irieman/Pulpit/1 IT/Antigravity/Simple Investing/helpers_v2.py:227: FutureWarning: 'M' is deprecated and will be removed in a future version, please use 'ME' instead.
  monthly_price = df['price'].resample('M').last()
/home/irieman/Pulpit/1 IT/Antigravity/Simple Investing/helpers_v2.py:237: RuntimeWarning: '<' not supported between instances of 'Timestamp' and 'int', sort order is undefined for incomparable objects.
  blended_returns = blended_returns.add(monthly_ret * pct, fill_value=0.0)
/home/irieman/Pulpit/1 IT/Antigravity/Simple Investing/helpers_v2.py:227: FutureWarning: 'M' is deprecated and will be removed in a future version, please use 'ME' instead.
  monthly_price = df['price'].resample('M').last()
/home/irieman/Pulpit/1 IT/Antigravity/Simple Investing/helpers_v2.py:227: FutureWarning: 'M' is deprecated and will be removed in a future version, please use 'ME' instead.
  monthly_price = df['price'].resample('M').last()
/home/irieman/Pulpit/1 IT/Antigravity/Simple Investing/helpers_v2.py:237: RuntimeWarning: '<' not supported between instances of 'Timestamp' and 'int', sort order is undefined for incomparable objects.
  blended_returns = blended_returns.add(monthly_ret * pct, fill_value=0.0)
/home/irieman/Pulpit/1 IT/Antigravity/Simple Investing/helpers_v2.py:227: FutureWarning: 'M' is deprecated and will be removed in a future version, please use 'ME' instead.
  monthly_price = df['price'].resample('M').last()
/home/irieman/Pulpit/1 IT/Antigravity/Simple Investing/helpers_v2.py:237: RuntimeWarning: '<' not supported between instances of 'Timestamp' and 'int', sort order is undefined for incomparable objects.
  blended_returns = blended_returns.add(monthly_ret * pct, fill_value=0.0)
/home/irieman/Pulpit/1 IT/Antigravity/Simple Investing/helpers_v2.py:227: FutureWarning: 'M' is deprecated and will be removed in a future version, please use 'ME' instead.
  monthly_price = df['price'].resample('M').last()
/home/irieman/Pulpit/1 IT/Antigravity/Simple Investing/helpers_v2.py:227: FutureWarning: 'M' is deprecated and will be removed in a future version, please use 'ME' instead.
  monthly_price = df['price'].resample('M').last()
/home/irieman/Pulpit/1 IT/Antigravity/Simple Investing/helpers_v2.py:237: RuntimeWarning: '<' not supported between instances of 'Timestamp' and 'int', sort order is undefined for incomparable objects.
  blended_returns = blended_returns.add(monthly_ret * pct, fill_value=0.0)
/home/irieman/Pulpit/1 IT/Antigravity/Simple Investing/helpers_v2.py:227: FutureWarning: 'M' is deprecated and will be removed in a future version, please use 'ME' instead.
  monthly_price = df['price'].resample('M').last()
/home/irieman/Pulpit/1 IT/Antigravity/Simple Investing/helpers_v2.py:237: RuntimeWarning: '<' not supported between instances of 'Timestamp' and 'int', sort order is undefined for incomparable objects.
  blended_returns = blended_returns.add(monthly_ret * pct, fill_value=0.0)
/home/irieman/Pulpit/1 IT/Antigravity/Simple Investing/helpers_v2.py:227: FutureWarning: 'M' is deprecated and will be removed in a future version, please use 'ME' instead.
  monthly_price = df['price'].resample('M').last()
/home/irieman/Pulpit/1 IT/Antigravity/Simple Investing/helpers_v2.py:237: RuntimeWarning: '<' not supported between instances of 'Timestamp' and 'int', sort order is undefined for incomparable objects.
  blended_returns = blended_returns.add(monthly_ret * pct, fill_value=0.0)
/home/irieman/Pulpit/1 IT/Antigravity/Simple Investing/helpers_v2.py:227: FutureWarning: 'M' is deprecated and will be removed in a future version, please use 'ME' instead.
  monthly_price = df['price'].resample('M').last()
/home/irieman/Pulpit/1 IT/Antigravity/Simple Investing/helpers_v2.py:237: RuntimeWarning: '<' not supported between instances of 'Timestamp' and 'int', sort order is undefined for incomparable objects.
  blended_returns = blended_returns.add(monthly_ret * pct, fill_value=0.0)
/home/irieman/Pulpit/1 IT/Antigravity/Simple Investing/helpers_v2.py:227: FutureWarning: 'M' is deprecated and will be removed in a future version, please use 'ME' instead.
  monthly_price = df['price'].resample('M').last()
/home/irieman/Pulpit/1 IT/Antigravity/Simple Investing/helpers_v2.py:237: RuntimeWarning: '<' not supported between instances of 'Timestamp' and 'int', sort order is undefined for incomparable objects.
  blended_returns = blended_returns.add(monthly_ret * pct, fill_value=0.0)
/home/irieman/Pulpit/1 IT/Antigravity/Simple Investing/helpers_v2.py:227: FutureWarning: 'M' is deprecated and will be removed in a future version, please use 'ME' instead.
  monthly_price = df['price'].resample('M').last()
/home/irieman/Pulpit/1 IT/Antigravity/Simple Investing/helpers_v2.py:227: FutureWarning: 'M' is deprecated and will be removed in a future version, please use 'ME' instead.
  monthly_price = df['price'].resample('M').last()
/home/irieman/Pulpit/1 IT/Antigravity/Simple Investing/helpers_v2.py:237: RuntimeWarning: '<' not supported between instances of 'Timestamp' and 'int', sort order is undefined for incomparable objects.
  blended_returns = blended_returns.add(monthly_ret * pct, fill_value=0.0)
/home/irieman/Pulpit/1 IT/Antigravity/Simple Investing/helpers_v2.py:227: FutureWarning: 'M' is deprecated and will be removed in a future version, please use 'ME' instead.
  monthly_price = df['price'].resample('M').last()
/home/irieman/Pulpit/1 IT/Antigravity/Simple Investing/helpers_v2.py:237: RuntimeWarning: '<' not supported between instances of 'Timestamp' and 'int', sort order is undefined for incomparable objects.
  blended_returns = blended_returns.add(monthly_ret * pct, fill_value=0.0)
/home/irieman/Pulpit/1 IT/Antigravity/Simple Investing/helpers_v2.py:227: FutureWarning: 'M' is deprecated and will be removed in a future version, please use 'ME' instead.
  monthly_price = df['price'].resample('M').last()
/home/irieman/Pulpit/1 IT/Antigravity/Simple Investing/helpers_v2.py:237: RuntimeWarning: '<' not supported between instances of 'Timestamp' and 'int', sort order is undefined for incomparable objects.
  blended_returns = blended_returns.add(monthly_ret * pct, fill_value=0.0)
/home/irieman/Pulpit/1 IT/Antigravity/Simple Investing/helpers_v2.py:227: FutureWarning: 'M' is deprecated and will be removed in a future version, please use 'ME' instead.
  monthly_price = df['price'].resample('M').last()
/home/irieman/Pulpit/1 IT/Antigravity/Simple Investing/helpers_v2.py:237: RuntimeWarning: '<' not supported between instances of 'Timestamp' and 'int', sort order is undefined for incomparable objects.
  blended_returns = blended_returns.add(monthly_ret * pct, fill_value=0.0)
/home/irieman/Pulpit/1 IT/Antigravity/Simple Investing/helpers_v2.py:227: FutureWarning: 'M' is deprecated and will be removed in a future version, please use 'ME' instead.
  monthly_price = df['price'].resample('M').last()
/home/irieman/Pulpit/1 IT/Antigravity/Simple Investing/helpers_v2.py:237: RuntimeWarning: '<' not supported between instances of 'Timestamp' and 'int', sort order is undefined for incomparable objects.
  blended_returns = blended_returns.add(monthly_ret * pct, fill_value=0.0)
/home/irieman/Pulpit/1 IT/Antigravity/Simple Investing/helpers_v2.py:227: FutureWarning: 'M' is deprecated and will be removed in a future version, please use 'ME' instead.
  monthly_price = df['price'].resample('M').last()
/home/irieman/Pulpit/1 IT/Antigravity/Simple Investing/helpers_v2.py:227: FutureWarning: 'M' is deprecated and will be removed in a future version, please use 'ME' instead.
  monthly_price = df['price'].resample('M').last()
/home/irieman/Pulpit/1 IT/Antigravity/Simple Investing/helpers_v2.py:237: RuntimeWarning: '<' not supported between instances of 'Timestamp' and 'int', sort order is undefined for incomparable objects.
  blended_returns = blended_returns.add(monthly_ret * pct, fill_value=0.0)
/home/irieman/Pulpit/1 IT/Antigravity/Simple Investing/helpers_v2.py:227: FutureWarning: 'M' is deprecated and will be removed in a future version, please use 'ME' instead.
  monthly_price = df['price'].resample('M').last()
/home/irieman/Pulpit/1 IT/Antigravity/Simple Investing/helpers_v2.py:237: RuntimeWarning: '<' not supported between instances of 'Timestamp' and 'int', sort order is undefined for incomparable objects.
  blended_returns = blended_returns.add(monthly_ret * pct, fill_value=0.0)
/home/irieman/Pulpit/1 IT/Antigravity/Simple Investing/helpers_v2.py:227: FutureWarning: 'M' is deprecated and will be removed in a future version, please use 'ME' instead.
  monthly_price = df['price'].resample('M').last()
/home/irieman/Pulpit/1 IT/Antigravity/Simple Investing/helpers_v2.py:237: RuntimeWarning: '<' not supported between instances of 'Timestamp' and 'int', sort order is undefined for incomparable objects.
  blended_returns = blended_returns.add(monthly_ret * pct, fill_value=0.0)
/home/irieman/Pulpit/1 IT/Antigravity/Simple Investing/helpers_v2.py:227: FutureWarning: 'M' is deprecated and will be removed in a future version, please use 'ME' instead.
  monthly_price = df['price'].resample('M').last()
/home/irieman/Pulpit/1 IT/Antigravity/Simple Investing/helpers_v2.py:227: FutureWarning: 'M' is deprecated and will be removed in a future version, please use 'ME' instead.
  monthly_price = df['price'].resample('M').last()
/home/irieman/Pulpit/1 IT/Antigravity/Simple Investing/helpers_v2.py:237: RuntimeWarning: '<' not supported between instances of 'Timestamp' and 'int', sort order is undefined for incomparable objects.
  blended_returns = blended_returns.add(monthly_ret * pct, fill_value=0.0)
/home/irieman/Pulpit/1 IT/Antigravity/Simple Investing/helpers_v2.py:227: FutureWarning: 'M' is deprecated and will be removed in a future version, please use 'ME' instead.
  monthly_price = df['price'].resample('M').last()
/home/irieman/Pulpit/1 IT/Antigravity/Simple Investing/helpers_v2.py:237: RuntimeWarning: '<' not supported between instances of 'Timestamp' and 'int', sort order is undefined for incomparable objects.
  blended_returns = blended_returns.add(monthly_ret * pct, fill_value=0.0)
/home/irieman/Pulpit/1 IT/Antigravity/Simple Investing/helpers_v2.py:227: FutureWarning: 'M' is deprecated and will be removed in a future version, please use 'ME' instead.
  monthly_price = df['price'].resample('M').last()
/home/irieman/Pulpit/1 IT/Antigravity/Simple Investing/helpers_v2.py:237: RuntimeWarning: '<' not supported between instances of 'Timestamp' and 'int', sort order is undefined for incomparable objects.
  blended_returns = blended_returns.add(monthly_ret * pct, fill_value=0.0)
/home/irieman/Pulpit/1 IT/Antigravity/Simple Investing/helpers_v2.py:227: FutureWarning: 'M' is deprecated and will be removed in a future version, please use 'ME' instead.
  monthly_price = df['price'].resample('M').last()
/home/irieman/Pulpit/1 IT/Antigravity/Simple Investing/helpers_v2.py:230: FutureWarning: The default fill_method='pad' in Series.pct_change is deprecated and will be removed in a future version. Either fill in any non-leading NA values prior to calling pct_change or specify 'fill_method=None' to not fill NA values.
  monthly_ret = monthly_price.pct_change().dropna()
/home/irieman/Pulpit/1 IT/Antigravity/Simple Investing/helpers_v2.py:227: FutureWarning: 'M' is deprecated and will be removed in a future version, please use 'ME' instead.
  monthly_price = df['price'].resample('M').last()
/home/irieman/Pulpit/1 IT/Antigravity/Simple Investing/helpers_v2.py:230: FutureWarning: The default fill_method='pad' in Series.pct_change is deprecated and will be removed in a future version. Either fill in any non-leading NA values prior to calling pct_change or specify 'fill_method=None' to not fill NA values.
  monthly_ret = monthly_price.pct_change().dropna()
/home/irieman/Pulpit/1 IT/Antigravity/Simple Investing/helpers_v2.py:237: RuntimeWarning: '<' not supported between instances of 'Timestamp' and 'int', sort order is undefined for incomparable objects.
  blended_returns = blended_returns.add(monthly_ret * pct, fill_value=0.0)
/home/irieman/Pulpit/1 IT/Antigravity/Simple Investing/helpers_v2.py:227: FutureWarning: 'M' is deprecated and will be removed in a future version, please use 'ME' instead.
  monthly_price = df['price'].resample('M').last()
/home/irieman/Pulpit/1 IT/Antigravity/Simple Investing/helpers_v2.py:230: FutureWarning: The default fill_method='pad' in Series.pct_change is deprecated and will be removed in a future version. Either fill in any non-leading NA values prior to calling pct_change or specify 'fill_method=None' to not fill NA values.
  monthly_ret = monthly_price.pct_change().dropna()
/home/irieman/Pulpit/1 IT/Antigravity/Simple Investing/helpers_v2.py:237: RuntimeWarning: '<' not supported between instances of 'Timestamp' and 'int', sort order is undefined for incomparable objects.
  blended_returns = blended_returns.add(monthly_ret * pct, fill_value=0.0)
INFO:     127.0.0.1:56136 - "GET /api/data?lang=en&currency=EUR&inflation=true HTTP/1.1" 200 OK
/home/irieman/Pulpit/1 IT/Antigravity/Simple Investing/helpers_v2.py:227: FutureWarning: 'M' is deprecated and will be removed in a future version, please use 'ME' instead.
  monthly_price = df['price'].resample('M').last()
/home/irieman/Pulpit/1 IT/Antigravity/Simple Investing/helpers_v2.py:227: FutureWarning: 'M' is deprecated and will be removed in a future version, please use 'ME' instead.
  monthly_price = df['price'].resample('M').last()
/home/irieman/Pulpit/1 IT/Antigravity/Simple Investing/helpers_v2.py:237: RuntimeWarning: '<' not supported between instances of 'Timestamp' and 'int', sort order is undefined for incomparable objects.
  blended_returns = blended_returns.add(monthly_ret * pct, fill_value=0.0)
/home/irieman/Pulpit/1 IT/Antigravity/Simple Investing/helpers_v2.py:227: FutureWarning: 'M' is deprecated and will be removed in a future version, please use 'ME' instead.
  monthly_price = df['price'].resample('M').last()
/home/irieman/Pulpit/1 IT/Antigravity/Simple Investing/helpers_v2.py:237: RuntimeWarning: '<' not supported between instances of 'Timestamp' and 'int', sort order is undefined for incomparable objects.
  blended_returns = blended_returns.add(monthly_ret * pct, fill_value=0.0)
/home/irieman/Pulpit/1 IT/Antigravity/Simple Investing/helpers_v2.py:227: FutureWarning: 'M' is deprecated and will be removed in a future version, please use 'ME' instead.
  monthly_price = df['price'].resample('M').last()
/home/irieman/Pulpit/1 IT/Antigravity/Simple Investing/helpers_v2.py:227: FutureWarning: 'M' is deprecated and will be removed in a future version, please use 'ME' instead.
  monthly_price = df['price'].resample('M').last()
/home/irieman/Pulpit/1 IT/Antigravity/Simple Investing/helpers_v2.py:237: RuntimeWarning: '<' not supported between instances of 'Timestamp' and 'int', sort order is undefined for incomparable objects.
  blended_returns = blended_returns.add(monthly_ret * pct, fill_value=0.0)
/home/irieman/Pulpit/1 IT/Antigravity/Simple Investing/helpers_v2.py:227: FutureWarning: 'M' is deprecated and will be removed in a future version, please use 'ME' instead.
  monthly_price = df['price'].resample('M').last()
/home/irieman/Pulpit/1 IT/Antigravity/Simple Investing/helpers_v2.py:237: RuntimeWarning: '<' not supported between instances of 'Timestamp' and 'int', sort order is undefined for incomparable objects.
  blended_returns = blended_returns.add(monthly_ret * pct, fill_value=0.0)
/home/irieman/Pulpit/1 IT/Antigravity/Simple Investing/helpers_v2.py:227: FutureWarning: 'M' is deprecated and will be removed in a future version, please use 'ME' instead.
  monthly_price = df['price'].resample('M').last()
/home/irieman/Pulpit/1 IT/Antigravity/Simple Investing/helpers_v2.py:227: FutureWarning: 'M' is deprecated and will be removed in a future version, please use 'ME' instead.
  monthly_price = df['price'].resample('M').last()
/home/irieman/Pulpit/1 IT/Antigravity/Simple Investing/helpers_v2.py:237: RuntimeWarning: '<' not supported between instances of 'Timestamp' and 'int', sort order is undefined for incomparable objects.
  blended_returns = blended_returns.add(monthly_ret * pct, fill_value=0.0)
/home/irieman/Pulpit/1 IT/Antigravity/Simple Investing/helpers_v2.py:227: FutureWarning: 'M' is deprecated and will be removed in a future version, please use 'ME' instead.
  monthly_price = df['price'].resample('M').last()
/home/irieman/Pulpit/1 IT/Antigravity/Simple Investing/helpers_v2.py:237: RuntimeWarning: '<' not supported between instances of 'Timestamp' and 'int', sort order is undefined for incomparable objects.
  blended_returns = blended_returns.add(monthly_ret * pct, fill_value=0.0)
/home/irieman/Pulpit/1 IT/Antigravity/Simple Investing/helpers_v2.py:227: FutureWarning: 'M' is deprecated and will be removed in a future version, please use 'ME' instead.
  monthly_price = df['price'].resample('M').last()
/home/irieman/Pulpit/1 IT/Antigravity/Simple Investing/helpers_v2.py:227: FutureWarning: 'M' is deprecated and will be removed in a future version, please use 'ME' instead.
  monthly_price = df['price'].resample('M').last()
/home/irieman/Pulpit/1 IT/Antigravity/Simple Investing/helpers_v2.py:237: RuntimeWarning: '<' not supported between instances of 'Timestamp' and 'int', sort order is undefined for incomparable objects.
  blended_returns = blended_returns.add(monthly_ret * pct, fill_value=0.0)
/home/irieman/Pulpit/1 IT/Antigravity/Simple Investing/helpers_v2.py:227: FutureWarning: 'M' is deprecated and will be removed in a future version, please use 'ME' instead.
  monthly_price = df['price'].resample('M').last()
/home/irieman/Pulpit/1 IT/Antigravity/Simple Investing/helpers_v2.py:237: RuntimeWarning: '<' not supported between instances of 'Timestamp' and 'int', sort order is undefined for incomparable objects.
  blended_returns = blended_returns.add(monthly_ret * pct, fill_value=0.0)
/home/irieman/Pulpit/1 IT/Antigravity/Simple Investing/helpers_v2.py:227: FutureWarning: 'M' is deprecated and will be removed in a future version, please use 'ME' instead.
  monthly_price = df['price'].resample('M').last()
/home/irieman/Pulpit/1 IT/Antigravity/Simple Investing/helpers_v2.py:237: RuntimeWarning: '<' not supported between instances of 'Timestamp' and 'int', sort order is undefined for incomparable objects.
  blended_returns = blended_returns.add(monthly_ret * pct, fill_value=0.0)
/home/irieman/Pulpit/1 IT/Antigravity/Simple Investing/helpers_v2.py:227: FutureWarning: 'M' is deprecated and will be removed in a future version, please use 'ME' instead.
  monthly_price = df['price'].resample('M').last()
/home/irieman/Pulpit/1 IT/Antigravity/Simple Investing/helpers_v2.py:237: RuntimeWarning: '<' not supported between instances of 'Timestamp' and 'int', sort order is undefined for incomparable objects.
  blended_returns = blended_returns.add(monthly_ret * pct, fill_value=0.0)
/home/irieman/Pulpit/1 IT/Antigravity/Simple Investing/helpers_v2.py:227: FutureWarning: 'M' is deprecated and will be removed in a future version, please use 'ME' instead.
  monthly_price = df['price'].resample('M').last()
/home/irieman/Pulpit/1 IT/Antigravity/Simple Investing/helpers_v2.py:237: RuntimeWarning: '<' not supported between instances of 'Timestamp' and 'int', sort order is undefined for incomparable objects.
  blended_returns = blended_returns.add(monthly_ret * pct, fill_value=0.0)
/home/irieman/Pulpit/1 IT/Antigravity/Simple Investing/helpers_v2.py:227: FutureWarning: 'M' is deprecated and will be removed in a future version, please use 'ME' instead.
  monthly_price = df['price'].resample('M').last()
/home/irieman/Pulpit/1 IT/Antigravity/Simple Investing/helpers_v2.py:227: FutureWarning: 'M' is deprecated and will be removed in a future version, please use 'ME' instead.
  monthly_price = df['price'].resample('M').last()
/home/irieman/Pulpit/1 IT/Antigravity/Simple Investing/helpers_v2.py:237: RuntimeWarning: '<' not supported between instances of 'Timestamp' and 'int', sort order is undefined for incomparable objects.
  blended_returns = blended_returns.add(monthly_ret * pct, fill_value=0.0)
/home/irieman/Pulpit/1 IT/Antigravity/Simple Investing/helpers_v2.py:227: FutureWarning: 'M' is deprecated and will be removed in a future version, please use 'ME' instead.
  monthly_price = df['price'].resample('M').last()
/home/irieman/Pulpit/1 IT/Antigravity/Simple Investing/helpers_v2.py:237: RuntimeWarning: '<' not supported between instances of 'Timestamp' and 'int', sort order is undefined for incomparable objects.
  blended_returns = blended_returns.add(monthly_ret * pct, fill_value=0.0)
/home/irieman/Pulpit/1 IT/Antigravity/Simple Investing/helpers_v2.py:227: FutureWarning: 'M' is deprecated and will be removed in a future version, please use 'ME' instead.
  monthly_price = df['price'].resample('M').last()
/home/irieman/Pulpit/1 IT/Antigravity/Simple Investing/helpers_v2.py:237: RuntimeWarning: '<' not supported between instances of 'Timestamp' and 'int', sort order is undefined for incomparable objects.
  blended_returns = blended_returns.add(monthly_ret * pct, fill_value=0.0)
/home/irieman/Pulpit/1 IT/Antigravity/Simple Investing/helpers_v2.py:227: FutureWarning: 'M' is deprecated and will be removed in a future version, please use 'ME' instead.
  monthly_price = df['price'].resample('M').last()
/home/irieman/Pulpit/1 IT/Antigravity/Simple Investing/helpers_v2.py:237: RuntimeWarning: '<' not supported between instances of 'Timestamp' and 'int', sort order is undefined for incomparable objects.
  blended_returns = blended_returns.add(monthly_ret * pct, fill_value=0.0)
/home/irieman/Pulpit/1 IT/Antigravity/Simple Investing/helpers_v2.py:227: FutureWarning: 'M' is deprecated and will be removed in a future version, please use 'ME' instead.
  monthly_price = df['price'].resample('M').last()
/home/irieman/Pulpit/1 IT/Antigravity/Simple Investing/helpers_v2.py:237: RuntimeWarning: '<' not supported between instances of 'Timestamp' and 'int', sort order is undefined for incomparable objects.
  blended_returns = blended_returns.add(monthly_ret * pct, fill_value=0.0)
/home/irieman/Pulpit/1 IT/Antigravity/Simple Investing/helpers_v2.py:227: FutureWarning: 'M' is deprecated and will be removed in a future version, please use 'ME' instead.
  monthly_price = df['price'].resample('M').last()
/home/irieman/Pulpit/1 IT/Antigravity/Simple Investing/helpers_v2.py:227: FutureWarning: 'M' is deprecated and will be removed in a future version, please use 'ME' instead.
  monthly_price = df['price'].resample('M').last()
/home/irieman/Pulpit/1 IT/Antigravity/Simple Investing/helpers_v2.py:237: RuntimeWarning: '<' not supported between instances of 'Timestamp' and 'int', sort order is undefined for incomparable objects.
  blended_returns = blended_returns.add(monthly_ret * pct, fill_value=0.0)
/home/irieman/Pulpit/1 IT/Antigravity/Simple Investing/helpers_v2.py:227: FutureWarning: 'M' is deprecated and will be removed in a future version, please use 'ME' instead.
  monthly_price = df['price'].resample('M').last()
/home/irieman/Pulpit/1 IT/Antigravity/Simple Investing/helpers_v2.py:237: RuntimeWarning: '<' not supported between instances of 'Timestamp' and 'int', sort order is undefined for incomparable objects.
  blended_returns = blended_returns.add(monthly_ret * pct, fill_value=0.0)
/home/irieman/Pulpit/1 IT/Antigravity/Simple Investing/helpers_v2.py:227: FutureWarning: 'M' is deprecated and will be removed in a future version, please use 'ME' instead.
  monthly_price = df['price'].resample('M').last()
/home/irieman/Pulpit/1 IT/Antigravity/Simple Investing/helpers_v2.py:237: RuntimeWarning: '<' not supported between instances of 'Timestamp' and 'int', sort order is undefined for incomparable objects.
  blended_returns = blended_returns.add(monthly_ret * pct, fill_value=0.0)
/home/irieman/Pulpit/1 IT/Antigravity/Simple Investing/helpers_v2.py:227: FutureWarning: 'M' is deprecated and will be removed in a future version, please use 'ME' instead.
  monthly_price = df['price'].resample('M').last()
/home/irieman/Pulpit/1 IT/Antigravity/Simple Investing/helpers_v2.py:227: FutureWarning: 'M' is deprecated and will be removed in a future version, please use 'ME' instead.
  monthly_price = df['price'].resample('M').last()
/home/irieman/Pulpit/1 IT/Antigravity/Simple Investing/helpers_v2.py:237: RuntimeWarning: '<' not supported between instances of 'Timestamp' and 'int', sort order is undefined for incomparable objects.
  blended_returns = blended_returns.add(monthly_ret * pct, fill_value=0.0)
/home/irieman/Pulpit/1 IT/Antigravity/Simple Investing/helpers_v2.py:227: FutureWarning: 'M' is deprecated and will be removed in a future version, please use 'ME' instead.
  monthly_price = df['price'].resample('M').last()
/home/irieman/Pulpit/1 IT/Antigravity/Simple Investing/helpers_v2.py:237: RuntimeWarning: '<' not supported between instances of 'Timestamp' and 'int', sort order is undefined for incomparable objects.
  blended_returns = blended_returns.add(monthly_ret * pct, fill_value=0.0)
/home/irieman/Pulpit/1 IT/Antigravity/Simple Investing/helpers_v2.py:227: FutureWarning: 'M' is deprecated and will be removed in a future version, please use 'ME' instead.
  monthly_price = df['price'].resample('M').last()
/home/irieman/Pulpit/1 IT/Antigravity/Simple Investing/helpers_v2.py:237: RuntimeWarning: '<' not supported between instances of 'Timestamp' and 'int', sort order is undefined for incomparable objects.
  blended_returns = blended_returns.add(monthly_ret * pct, fill_value=0.0)
/home/irieman/Pulpit/1 IT/Antigravity/Simple Investing/helpers_v2.py:227: FutureWarning: 'M' is deprecated and will be removed in a future version, please use 'ME' instead.
  monthly_price = df['price'].resample('M').last()
/home/irieman/Pulpit/1 IT/Antigravity/Simple Investing/helpers_v2.py:230: FutureWarning: The default fill_method='pad' in Series.pct_change is deprecated and will be removed in a future version. Either fill in any non-leading NA values prior to calling pct_change or specify 'fill_method=None' to not fill NA values.
  monthly_ret = monthly_price.pct_change().dropna()
/home/irieman/Pulpit/1 IT/Antigravity/Simple Investing/helpers_v2.py:227: FutureWarning: 'M' is deprecated and will be removed in a future version, please use 'ME' instead.
  monthly_price = df['price'].resample('M').last()
/home/irieman/Pulpit/1 IT/Antigravity/Simple Investing/helpers_v2.py:230: FutureWarning: The default fill_method='pad' in Series.pct_change is deprecated and will be removed in a future version. Either fill in any non-leading NA values prior to calling pct_change or specify 'fill_method=None' to not fill NA values.
  monthly_ret = monthly_price.pct_change().dropna()
/home/irieman/Pulpit/1 IT/Antigravity/Simple Investing/helpers_v2.py:237: RuntimeWarning: '<' not supported between instances of 'Timestamp' and 'int', sort order is undefined for incomparable objects.
  blended_returns = blended_returns.add(monthly_ret * pct, fill_value=0.0)
/home/irieman/Pulpit/1 IT/Antigravity/Simple Investing/helpers_v2.py:227: FutureWarning: 'M' is deprecated and will be removed in a future version, please use 'ME' instead.
  monthly_price = df['price'].resample('M').last()
/home/irieman/Pulpit/1 IT/Antigravity/Simple Investing/helpers_v2.py:230: FutureWarning: The default fill_method='pad' in Series.pct_change is deprecated and will be removed in a future version. Either fill in any non-leading NA values prior to calling pct_change or specify 'fill_method=None' to not fill NA values.
  monthly_ret = monthly_price.pct_change().dropna()
/home/irieman/Pulpit/1 IT/Antigravity/Simple Investing/helpers_v2.py:237: RuntimeWarning: '<' not supported between instances of 'Timestamp' and 'int', sort order is undefined for incomparable objects.
  blended_returns = blended_returns.add(monthly_ret * pct, fill_value=0.0)
INFO:     127.0.0.1:53354 - "GET /api/data?currency=PLN&inflation=true&lang=pl HTTP/1.1" 200 OK
/home/irieman/Pulpit/1 IT/Antigravity/Simple Investing/helpers_v2.py:227: FutureWarning: 'M' is deprecated and will be removed in a future version, please use 'ME' instead.
  monthly_price = df['price'].resample('M').last()
/home/irieman/Pulpit/1 IT/Antigravity/Simple Investing/helpers_v2.py:227: FutureWarning: 'M' is deprecated and will be removed in a future version, please use 'ME' instead.
  monthly_price = df['price'].resample('M').last()
/home/irieman/Pulpit/1 IT/Antigravity/Simple Investing/helpers_v2.py:237: RuntimeWarning: '<' not supported between instances of 'Timestamp' and 'int', sort order is undefined for incomparable objects.
  blended_returns = blended_returns.add(monthly_ret * pct, fill_value=0.0)
/home/irieman/Pulpit/1 IT/Antigravity/Simple Investing/helpers_v2.py:227: FutureWarning: 'M' is deprecated and will be removed in a future version, please use 'ME' instead.
  monthly_price = df['price'].resample('M').last()
/home/irieman/Pulpit/1 IT/Antigravity/Simple Investing/helpers_v2.py:237: RuntimeWarning: '<' not supported between instances of 'Timestamp' and 'int', sort order is undefined for incomparable objects.
  blended_returns = blended_returns.add(monthly_ret * pct, fill_value=0.0)
/home/irieman/Pulpit/1 IT/Antigravity/Simple Investing/helpers_v2.py:227: FutureWarning: 'M' is deprecated and will be removed in a future version, please use 'ME' instead.
  monthly_price = df['price'].resample('M').last()
/home/irieman/Pulpit/1 IT/Antigravity/Simple Investing/helpers_v2.py:227: FutureWarning: 'M' is deprecated and will be removed in a future version, please use 'ME' instead.
  monthly_price = df['price'].resample('M').last()
/home/irieman/Pulpit/1 IT/Antigravity/Simple Investing/helpers_v2.py:237: RuntimeWarning: '<' not supported between instances of 'Timestamp' and 'int', sort order is undefined for incomparable objects.
  blended_returns = blended_returns.add(monthly_ret * pct, fill_value=0.0)
/home/irieman/Pulpit/1 IT/Antigravity/Simple Investing/helpers_v2.py:227: FutureWarning: 'M' is deprecated and will be removed in a future version, please use 'ME' instead.
  monthly_price = df['price'].resample('M').last()
/home/irieman/Pulpit/1 IT/Antigravity/Simple Investing/helpers_v2.py:237: RuntimeWarning: '<' not supported between instances of 'Timestamp' and 'int', sort order is undefined for incomparable objects.
  blended_returns = blended_returns.add(monthly_ret * pct, fill_value=0.0)
/home/irieman/Pulpit/1 IT/Antigravity/Simple Investing/helpers_v2.py:227: FutureWarning: 'M' is deprecated and will be removed in a future version, please use 'ME' instead.
  monthly_price = df['price'].resample('M').last()
/home/irieman/Pulpit/1 IT/Antigravity/Simple Investing/helpers_v2.py:227: FutureWarning: 'M' is deprecated and will be removed in a future version, please use 'ME' instead.
  monthly_price = df['price'].resample('M').last()
/home/irieman/Pulpit/1 IT/Antigravity/Simple Investing/helpers_v2.py:237: RuntimeWarning: '<' not supported between instances of 'Timestamp' and 'int', sort order is undefined for incomparable objects.
  blended_returns = blended_returns.add(monthly_ret * pct, fill_value=0.0)
/home/irieman/Pulpit/1 IT/Antigravity/Simple Investing/helpers_v2.py:227: FutureWarning: 'M' is deprecated and will be removed in a future version, please use 'ME' instead.
  monthly_price = df['price'].resample('M').last()
/home/irieman/Pulpit/1 IT/Antigravity/Simple Investing/helpers_v2.py:237: RuntimeWarning: '<' not supported between instances of 'Timestamp' and 'int', sort order is undefined for incomparable objects.
  blended_returns = blended_returns.add(monthly_ret * pct, fill_value=0.0)
/home/irieman/Pulpit/1 IT/Antigravity/Simple Investing/helpers_v2.py:227: FutureWarning: 'M' is deprecated and will be removed in a future version, please use 'ME' instead.
  monthly_price = df['price'].resample('M').last()
/home/irieman/Pulpit/1 IT/Antigravity/Simple Investing/helpers_v2.py:227: FutureWarning: 'M' is deprecated and will be removed in a future version, please use 'ME' instead.
  monthly_price = df['price'].resample('M').last()
/home/irieman/Pulpit/1 IT/Antigravity/Simple Investing/helpers_v2.py:237: RuntimeWarning: '<' not supported between instances of 'Timestamp' and 'int', sort order is undefined for incomparable objects.
  blended_returns = blended_returns.add(monthly_ret * pct, fill_value=0.0)
/home/irieman/Pulpit/1 IT/Antigravity/Simple Investing/helpers_v2.py:227: FutureWarning: 'M' is deprecated and will be removed in a future version, please use 'ME' instead.
  monthly_price = df['price'].resample('M').last()
/home/irieman/Pulpit/1 IT/Antigravity/Simple Investing/helpers_v2.py:237: RuntimeWarning: '<' not supported between instances of 'Timestamp' and 'int', sort order is undefined for incomparable objects.
  blended_returns = blended_returns.add(monthly_ret * pct, fill_value=0.0)
/home/irieman/Pulpit/1 IT/Antigravity/Simple Investing/helpers_v2.py:227: FutureWarning: 'M' is deprecated and will be removed in a future version, please use 'ME' instead.
  monthly_price = df['price'].resample('M').last()
/home/irieman/Pulpit/1 IT/Antigravity/Simple Investing/helpers_v2.py:237: RuntimeWarning: '<' not supported between instances of 'Timestamp' and 'int', sort order is undefined for incomparable objects.
  blended_returns = blended_returns.add(monthly_ret * pct, fill_value=0.0)
/home/irieman/Pulpit/1 IT/Antigravity/Simple Investing/helpers_v2.py:227: FutureWarning: 'M' is deprecated and will be removed in a future version, please use 'ME' instead.
  monthly_price = df['price'].resample('M').last()
/home/irieman/Pulpit/1 IT/Antigravity/Simple Investing/helpers_v2.py:237: RuntimeWarning: '<' not supported between instances of 'Timestamp' and 'int', sort order is undefined for incomparable objects.
  blended_returns = blended_returns.add(monthly_ret * pct, fill_value=0.0)
/home/irieman/Pulpit/1 IT/Antigravity/Simple Investing/helpers_v2.py:227: FutureWarning: 'M' is deprecated and will be removed in a future version, please use 'ME' instead.
  monthly_price = df['price'].resample('M').last()
/home/irieman/Pulpit/1 IT/Antigravity/Simple Investing/helpers_v2.py:237: RuntimeWarning: '<' not supported between instances of 'Timestamp' and 'int', sort order is undefined for incomparable objects.
  blended_returns = blended_returns.add(monthly_ret * pct, fill_value=0.0)
/home/irieman/Pulpit/1 IT/Antigravity/Simple Investing/helpers_v2.py:227: FutureWarning: 'M' is deprecated and will be removed in a future version, please use 'ME' instead.
  monthly_price = df['price'].resample('M').last()
/home/irieman/Pulpit/1 IT/Antigravity/Simple Investing/helpers_v2.py:227: FutureWarning: 'M' is deprecated and will be removed in a future version, please use 'ME' instead.
  monthly_price = df['price'].resample('M').last()
/home/irieman/Pulpit/1 IT/Antigravity/Simple Investing/helpers_v2.py:237: RuntimeWarning: '<' not supported between instances of 'Timestamp' and 'int', sort order is undefined for incomparable objects.
  blended_returns = blended_returns.add(monthly_ret * pct, fill_value=0.0)
/home/irieman/Pulpit/1 IT/Antigravity/Simple Investing/helpers_v2.py:227: FutureWarning: 'M' is deprecated and will be removed in a future version, please use 'ME' instead.
  monthly_price = df['price'].resample('M').last()
/home/irieman/Pulpit/1 IT/Antigravity/Simple Investing/helpers_v2.py:237: RuntimeWarning: '<' not supported between instances of 'Timestamp' and 'int', sort order is undefined for incomparable objects.
  blended_returns = blended_returns.add(monthly_ret * pct, fill_value=0.0)
/home/irieman/Pulpit/1 IT/Antigravity/Simple Investing/helpers_v2.py:227: FutureWarning: 'M' is deprecated and will be removed in a future version, please use 'ME' instead.
  monthly_price = df['price'].resample('M').last()
/home/irieman/Pulpit/1 IT/Antigravity/Simple Investing/helpers_v2.py:237: RuntimeWarning: '<' not supported between instances of 'Timestamp' and 'int', sort order is undefined for incomparable objects.
  blended_returns = blended_returns.add(monthly_ret * pct, fill_value=0.0)
/home/irieman/Pulpit/1 IT/Antigravity/Simple Investing/helpers_v2.py:227: FutureWarning: 'M' is deprecated and will be removed in a future version, please use 'ME' instead.
  monthly_price = df['price'].resample('M').last()
/home/irieman/Pulpit/1 IT/Antigravity/Simple Investing/helpers_v2.py:237: RuntimeWarning: '<' not supported between instances of 'Timestamp' and 'int', sort order is undefined for incomparable objects.
  blended_returns = blended_returns.add(monthly_ret * pct, fill_value=0.0)
/home/irieman/Pulpit/1 IT/Antigravity/Simple Investing/helpers_v2.py:227: FutureWarning: 'M' is deprecated and will be removed in a future version, please use 'ME' instead.
  monthly_price = df['price'].resample('M').last()
/home/irieman/Pulpit/1 IT/Antigravity/Simple Investing/helpers_v2.py:237: RuntimeWarning: '<' not supported between instances of 'Timestamp' and 'int', sort order is undefined for incomparable objects.
  blended_returns = blended_returns.add(monthly_ret * pct, fill_value=0.0)
/home/irieman/Pulpit/1 IT/Antigravity/Simple Investing/helpers_v2.py:227: FutureWarning: 'M' is deprecated and will be removed in a future version, please use 'ME' instead.
  monthly_price = df['price'].resample('M').last()
/home/irieman/Pulpit/1 IT/Antigravity/Simple Investing/helpers_v2.py:227: FutureWarning: 'M' is deprecated and will be removed in a future version, please use 'ME' instead.
  monthly_price = df['price'].resample('M').last()
/home/irieman/Pulpit/1 IT/Antigravity/Simple Investing/helpers_v2.py:237: RuntimeWarning: '<' not supported between instances of 'Timestamp' and 'int', sort order is undefined for incomparable objects.
  blended_returns = blended_returns.add(monthly_ret * pct, fill_value=0.0)
/home/irieman/Pulpit/1 IT/Antigravity/Simple Investing/helpers_v2.py:227: FutureWarning: 'M' is deprecated and will be removed in a future version, please use 'ME' instead.
  monthly_price = df['price'].resample('M').last()
/home/irieman/Pulpit/1 IT/Antigravity/Simple Investing/helpers_v2.py:237: RuntimeWarning: '<' not supported between instances of 'Timestamp' and 'int', sort order is undefined for incomparable objects.
  blended_returns = blended_returns.add(monthly_ret * pct, fill_value=0.0)
/home/irieman/Pulpit/1 IT/Antigravity/Simple Investing/helpers_v2.py:227: FutureWarning: 'M' is deprecated and will be removed in a future version, please use 'ME' instead.
  monthly_price = df['price'].resample('M').last()
/home/irieman/Pulpit/1 IT/Antigravity/Simple Investing/helpers_v2.py:237: RuntimeWarning: '<' not supported between instances of 'Timestamp' and 'int', sort order is undefined for incomparable objects.
  blended_returns = blended_returns.add(monthly_ret * pct, fill_value=0.0)
/home/irieman/Pulpit/1 IT/Antigravity/Simple Investing/helpers_v2.py:227: FutureWarning: 'M' is deprecated and will be removed in a future version, please use 'ME' instead.
  monthly_price = df['price'].resample('M').last()
/home/irieman/Pulpit/1 IT/Antigravity/Simple Investing/helpers_v2.py:227: FutureWarning: 'M' is deprecated and will be removed in a future version, please use 'ME' instead.
  monthly_price = df['price'].resample('M').last()
/home/irieman/Pulpit/1 IT/Antigravity/Simple Investing/helpers_v2.py:237: RuntimeWarning: '<' not supported between instances of 'Timestamp' and 'int', sort order is undefined for incomparable objects.
  blended_returns = blended_returns.add(monthly_ret * pct, fill_value=0.0)
/home/irieman/Pulpit/1 IT/Antigravity/Simple Investing/helpers_v2.py:227: FutureWarning: 'M' is deprecated and will be removed in a future version, please use 'ME' instead.
  monthly_price = df['price'].resample('M').last()
/home/irieman/Pulpit/1 IT/Antigravity/Simple Investing/helpers_v2.py:237: RuntimeWarning: '<' not supported between instances of 'Timestamp' and 'int', sort order is undefined for incomparable objects.
  blended_returns = blended_returns.add(monthly_ret * pct, fill_value=0.0)
/home/irieman/Pulpit/1 IT/Antigravity/Simple Investing/helpers_v2.py:227: FutureWarning: 'M' is deprecated and will be removed in a future version, please use 'ME' instead.
  monthly_price = df['price'].resample('M').last()
/home/irieman/Pulpit/1 IT/Antigravity/Simple Investing/helpers_v2.py:237: RuntimeWarning: '<' not supported between instances of 'Timestamp' and 'int', sort order is undefined for incomparable objects.
  blended_returns = blended_returns.add(monthly_ret * pct, fill_value=0.0)
/home/irieman/Pulpit/1 IT/Antigravity/Simple Investing/helpers_v2.py:227: FutureWarning: 'M' is deprecated and will be removed in a future version, please use 'ME' instead.
  monthly_price = df['price'].resample('M').last()
/home/irieman/Pulpit/1 IT/Antigravity/Simple Investing/helpers_v2.py:230: FutureWarning: The default fill_method='pad' in Series.pct_change is deprecated and will be removed in a future version. Either fill in any non-leading NA values prior to calling pct_change or specify 'fill_method=None' to not fill NA values.
  monthly_ret = monthly_price.pct_change().dropna()
/home/irieman/Pulpit/1 IT/Antigravity/Simple Investing/helpers_v2.py:227: FutureWarning: 'M' is deprecated and will be removed in a future version, please use 'ME' instead.
  monthly_price = df['price'].resample('M').last()
/home/irieman/Pulpit/1 IT/Antigravity/Simple Investing/helpers_v2.py:230: FutureWarning: The default fill_method='pad' in Series.pct_change is deprecated and will be removed in a future version. Either fill in any non-leading NA values prior to calling pct_change or specify 'fill_method=None' to not fill NA values.
  monthly_ret = monthly_price.pct_change().dropna()
/home/irieman/Pulpit/1 IT/Antigravity/Simple Investing/helpers_v2.py:237: RuntimeWarning: '<' not supported between instances of 'Timestamp' and 'int', sort order is undefined for incomparable objects.
  blended_returns = blended_returns.add(monthly_ret * pct, fill_value=0.0)
/home/irieman/Pulpit/1 IT/Antigravity/Simple Investing/helpers_v2.py:227: FutureWarning: 'M' is deprecated and will be removed in a future version, please use 'ME' instead.
  monthly_price = df['price'].resample('M').last()
/home/irieman/Pulpit/1 IT/Antigravity/Simple Investing/helpers_v2.py:230: FutureWarning: The default fill_method='pad' in Series.pct_change is deprecated and will be removed in a future version. Either fill in any non-leading NA values prior to calling pct_change or specify 'fill_method=None' to not fill NA values.
  monthly_ret = monthly_price.pct_change().dropna()
/home/irieman/Pulpit/1 IT/Antigravity/Simple Investing/helpers_v2.py:237: RuntimeWarning: '<' not supported between instances of 'Timestamp' and 'int', sort order is undefined for incomparable objects.
  blended_returns = blended_returns.add(monthly_ret * pct, fill_value=0.0)
INFO:     127.0.0.1:53370 - "GET /api/data?currency=PLN&inflation=true&lang=en HTTP/1.1" 200 OK
WARNING:  WatchFiles detected changes in 'helpers_v2.py'. Reloading...
INFO:     Shutting down
INFO:     Waiting for application shutdown.
2026-04-17 18:54:38,911 - INFO - Scheduler has been shut down
2026-04-17 18:54:38,911 - INFO - Scheduler shut down.
INFO:     Application shutdown complete.
INFO:     Finished server process [46437]
INFO:     Started server process [50674]
INFO:     Waiting for application startup.
2026-04-17 18:54:40,512 - INFO - Database connected successfully using Flask context.
2026-04-17 18:54:40,516 - INFO - Adding job tentatively -- it will be properly scheduled when the scheduler starts
2026-04-17 18:54:40,517 - INFO - Adding job tentatively -- it will be properly scheduled when the scheduler starts
2026-04-17 18:54:40,517 - INFO - Added job "update_job" to job store "default"
2026-04-17 18:54:40,518 - INFO - Added job "sync_macro_job" to job store "default"
2026-04-17 18:54:40,518 - INFO - Scheduler started
2026-04-17 18:54:40,518 - INFO - Scheduler started.
2026-04-17 18:54:40,518 - INFO - Application success: 🚀 ZenETFs: Nowa wersja aplikacji została pomyślnie uruchomiona na serwerze!
2026-04-17 18:54:40,518 - INFO - Sending info alert via WhatsApp.
2026-04-17 18:54:40,519 - INFO - Non-production environment (development) detected. WhatsApp alert skipped.
INFO:     Application startup complete.
/home/irieman/Pulpit/1 IT/Antigravity/Simple Investing/helpers_v2.py:237: RuntimeWarning: '<' not supported between instances of 'Timestamp' and 'int', sort order is undefined for incomparable objects.
  blended_returns = blended_returns.add(monthly_ret * pct, fill_value=0.0)
/home/irieman/Pulpit/1 IT/Antigravity/Simple Investing/helpers_v2.py:237: RuntimeWarning: '<' not supported between instances of 'Timestamp' and 'int', sort order is undefined for incomparable objects.
  blended_returns = blended_returns.add(monthly_ret * pct, fill_value=0.0)
/home/irieman/Pulpit/1 IT/Antigravity/Simple Investing/helpers_v2.py:237: RuntimeWarning: '<' not supported between instances of 'Timestamp' and 'int', sort order is undefined for incomparable objects.
  blended_returns = blended_returns.add(monthly_ret * pct, fill_value=0.0)
/home/irieman/Pulpit/1 IT/Antigravity/Simple Investing/helpers_v2.py:237: RuntimeWarning: '<' not supported between instances of 'Timestamp' and 'int', sort order is undefined for incomparable objects.
  blended_returns = blended_returns.add(monthly_ret * pct, fill_value=0.0)
/home/irieman/Pulpit/1 IT/Antigravity/Simple Investing/helpers_v2.py:237: RuntimeWarning: '<' not supported between instances of 'Timestamp' and 'int', sort order is undefined for incomparable objects.
  blended_returns = blended_returns.add(monthly_ret * pct, fill_value=0.0)
/home/irieman/Pulpit/1 IT/Antigravity/Simple Investing/helpers_v2.py:237: RuntimeWarning: '<' not supported between instances of 'Timestamp' and 'int', sort order is undefined for incomparable objects.
  blended_returns = blended_returns.add(monthly_ret * pct, fill_value=0.0)
/home/irieman/Pulpit/1 IT/Antigravity/Simple Investing/helpers_v2.py:237: RuntimeWarning: '<' not supported between instances of 'Timestamp' and 'int', sort order is undefined for incomparable objects.
  blended_returns = blended_returns.add(monthly_ret * pct, fill_value=0.0)
/home/irieman/Pulpit/1 IT/Antigravity/Simple Investing/helpers_v2.py:237: RuntimeWarning: '<' not supported between instances of 'Timestamp' and 'int', sort order is undefined for incomparable objects.
  blended_returns = blended_returns.add(monthly_ret * pct, fill_value=0.0)
/home/irieman/Pulpit/1 IT/Antigravity/Simple Investing/helpers_v2.py:237: RuntimeWarning: '<' not supported between instances of 'Timestamp' and 'int', sort order is undefined for incomparable objects.
  blended_returns = blended_returns.add(monthly_ret * pct, fill_value=0.0)
/home/irieman/Pulpit/1 IT/Antigravity/Simple Investing/helpers_v2.py:237: RuntimeWarning: '<' not supported between instances of 'Timestamp' and 'int', sort order is undefined for incomparable objects.
  blended_returns = blended_returns.add(monthly_ret * pct, fill_value=0.0)
/home/irieman/Pulpit/1 IT/Antigravity/Simple Investing/helpers_v2.py:237: RuntimeWarning: '<' not supported between instances of 'Timestamp' and 'int', sort order is undefined for incomparable objects.
  blended_returns = blended_returns.add(monthly_ret * pct, fill_value=0.0)
/home/irieman/Pulpit/1 IT/Antigravity/Simple Investing/helpers_v2.py:237: RuntimeWarning: '<' not supported between instances of 'Timestamp' and 'int', sort order is undefined for incomparable objects.
  blended_returns = blended_returns.add(monthly_ret * pct, fill_value=0.0)
/home/irieman/Pulpit/1 IT/Antigravity/Simple Investing/helpers_v2.py:237: RuntimeWarning: '<' not supported between instances of 'Timestamp' and 'int', sort order is undefined for incomparable objects.
  blended_returns = blended_returns.add(monthly_ret * pct, fill_value=0.0)
/home/irieman/Pulpit/1 IT/Antigravity/Simple Investing/helpers_v2.py:237: RuntimeWarning: '<' not supported between instances of 'Timestamp' and 'int', sort order is undefined for incomparable objects.
  blended_returns = blended_returns.add(monthly_ret * pct, fill_value=0.0)
/home/irieman/Pulpit/1 IT/Antigravity/Simple Investing/helpers_v2.py:237: RuntimeWarning: '<' not supported between instances of 'Timestamp' and 'int', sort order is undefined for incomparable objects.
  blended_returns = blended_returns.add(monthly_ret * pct, fill_value=0.0)
/home/irieman/Pulpit/1 IT/Antigravity/Simple Investing/helpers_v2.py:237: RuntimeWarning: '<' not supported between instances of 'Timestamp' and 'int', sort order is undefined for incomparable objects.
  blended_returns = blended_returns.add(monthly_ret * pct, fill_value=0.0)
/home/irieman/Pulpit/1 IT/Antigravity/Simple Investing/helpers_v2.py:237: RuntimeWarning: '<' not supported between instances of 'Timestamp' and 'int', sort order is undefined for incomparable objects.
  blended_returns = blended_returns.add(monthly_ret * pct, fill_value=0.0)
/home/irieman/Pulpit/1 IT/Antigravity/Simple Investing/helpers_v2.py:237: RuntimeWarning: '<' not supported between instances of 'Timestamp' and 'int', sort order is undefined for incomparable objects.
  blended_returns = blended_returns.add(monthly_ret * pct, fill_value=0.0)
/home/irieman/Pulpit/1 IT/Antigravity/Simple Investing/helpers_v2.py:237: RuntimeWarning: '<' not supported between instances of 'Timestamp' and 'int', sort order is undefined for incomparable objects.
  blended_returns = blended_returns.add(monthly_ret * pct, fill_value=0.0)
/home/irieman/Pulpit/1 IT/Antigravity/Simple Investing/helpers_v2.py:237: RuntimeWarning: '<' not supported between instances of 'Timestamp' and 'int', sort order is undefined for incomparable objects.
  blended_returns = blended_returns.add(monthly_ret * pct, fill_value=0.0)
/home/irieman/Pulpit/1 IT/Antigravity/Simple Investing/helpers_v2.py:237: RuntimeWarning: '<' not supported between instances of 'Timestamp' and 'int', sort order is undefined for incomparable objects.
  blended_returns = blended_returns.add(monthly_ret * pct, fill_value=0.0)
/home/irieman/Pulpit/1 IT/Antigravity/Simple Investing/helpers_v2.py:237: RuntimeWarning: '<' not supported between instances of 'Timestamp' and 'int', sort order is undefined for incomparable objects.
  blended_returns = blended_returns.add(monthly_ret * pct, fill_value=0.0)
/home/irieman/Pulpit/1 IT/Antigravity/Simple Investing/helpers_v2.py:237: RuntimeWarning: '<' not supported between instances of 'Timestamp' and 'int', sort order is undefined for incomparable objects.
  blended_returns = blended_returns.add(monthly_ret * pct, fill_value=0.0)
/home/irieman/Pulpit/1 IT/Antigravity/Simple Investing/helpers_v2.py:237: RuntimeWarning: '<' not supported between instances of 'Timestamp' and 'int', sort order is undefined for incomparable objects.
  blended_returns = blended_returns.add(monthly_ret * pct, fill_value=0.0)
INFO:     127.0.0.1:36826 - "GET /api/data?currency=PLN&lang=pl HTTP/1.1" 200 OK
/home/irieman/Pulpit/1 IT/Antigravity/Simple Investing/helpers_v2.py:237: RuntimeWarning: '<' not supported between instances of 'Timestamp' and 'int', sort order is undefined for incomparable objects.
  blended_returns = blended_returns.add(monthly_ret * pct, fill_value=0.0)
/home/irieman/Pulpit/1 IT/Antigravity/Simple Investing/helpers_v2.py:237: RuntimeWarning: '<' not supported between instances of 'Timestamp' and 'int', sort order is undefined for incomparable objects.
  blended_returns = blended_returns.add(monthly_ret * pct, fill_value=0.0)
/home/irieman/Pulpit/1 IT/Antigravity/Simple Investing/helpers_v2.py:237: RuntimeWarning: '<' not supported between instances of 'Timestamp' and 'int', sort order is undefined for incomparable objects.
  blended_returns = blended_returns.add(monthly_ret * pct, fill_value=0.0)
/home/irieman/Pulpit/1 IT/Antigravity/Simple Investing/helpers_v2.py:237: RuntimeWarning: '<' not supported between instances of 'Timestamp' and 'int', sort order is undefined for incomparable objects.
  blended_returns = blended_returns.add(monthly_ret * pct, fill_value=0.0)
/home/irieman/Pulpit/1 IT/Antigravity/Simple Investing/helpers_v2.py:237: RuntimeWarning: '<' not supported between instances of 'Timestamp' and 'int', sort order is undefined for incomparable objects.
  blended_returns = blended_returns.add(monthly_ret * pct, fill_value=0.0)
/home/irieman/Pulpit/1 IT/Antigravity/Simple Investing/helpers_v2.py:237: RuntimeWarning: '<' not supported between instances of 'Timestamp' and 'int', sort order is undefined for incomparable objects.
  blended_returns = blended_returns.add(monthly_ret * pct, fill_value=0.0)
/home/irieman/Pulpit/1 IT/Antigravity/Simple Investing/helpers_v2.py:237: RuntimeWarning: '<' not supported between instances of 'Timestamp' and 'int', sort order is undefined for incomparable objects.
  blended_returns = blended_returns.add(monthly_ret * pct, fill_value=0.0)
/home/irieman/Pulpit/1 IT/Antigravity/Simple Investing/helpers_v2.py:237: RuntimeWarning: '<' not supported between instances of 'Timestamp' and 'int', sort order is undefined for incomparable objects.
  blended_returns = blended_returns.add(monthly_ret * pct, fill_value=0.0)
/home/irieman/Pulpit/1 IT/Antigravity/Simple Investing/helpers_v2.py:237: RuntimeWarning: '<' not supported between instances of 'Timestamp' and 'int', sort order is undefined for incomparable objects.
  blended_returns = blended_returns.add(monthly_ret * pct, fill_value=0.0)
/home/irieman/Pulpit/1 IT/Antigravity/Simple Investing/helpers_v2.py:237: RuntimeWarning: '<' not supported between instances of 'Timestamp' and 'int', sort order is undefined for incomparable objects.
  blended_returns = blended_returns.add(monthly_ret * pct, fill_value=0.0)
/home/irieman/Pulpit/1 IT/Antigravity/Simple Investing/helpers_v2.py:237: RuntimeWarning: '<' not supported between instances of 'Timestamp' and 'int', sort order is undefined for incomparable objects.
  blended_returns = blended_returns.add(monthly_ret * pct, fill_value=0.0)
/home/irieman/Pulpit/1 IT/Antigravity/Simple Investing/helpers_v2.py:237: RuntimeWarning: '<' not supported between instances of 'Timestamp' and 'int', sort order is undefined for incomparable objects.
  blended_returns = blended_returns.add(monthly_ret * pct, fill_value=0.0)
/home/irieman/Pulpit/1 IT/Antigravity/Simple Investing/helpers_v2.py:237: RuntimeWarning: '<' not supported between instances of 'Timestamp' and 'int', sort order is undefined for incomparable objects.
  blended_returns = blended_returns.add(monthly_ret * pct, fill_value=0.0)
/home/irieman/Pulpit/1 IT/Antigravity/Simple Investing/helpers_v2.py:237: RuntimeWarning: '<' not supported between instances of 'Timestamp' and 'int', sort order is undefined for incomparable objects.
  blended_returns = blended_returns.add(monthly_ret * pct, fill_value=0.0)
/home/irieman/Pulpit/1 IT/Antigravity/Simple Investing/helpers_v2.py:237: RuntimeWarning: '<' not supported between instances of 'Timestamp' and 'int', sort order is undefined for incomparable objects.
  blended_returns = blended_returns.add(monthly_ret * pct, fill_value=0.0)
/home/irieman/Pulpit/1 IT/Antigravity/Simple Investing/helpers_v2.py:237: RuntimeWarning: '<' not supported between instances of 'Timestamp' and 'int', sort order is undefined for incomparable objects.
  blended_returns = blended_returns.add(monthly_ret * pct, fill_value=0.0)
/home/irieman/Pulpit/1 IT/Antigravity/Simple Investing/helpers_v2.py:237: RuntimeWarning: '<' not supported between instances of 'Timestamp' and 'int', sort order is undefined for incomparable objects.
  blended_returns = blended_returns.add(monthly_ret * pct, fill_value=0.0)
/home/irieman/Pulpit/1 IT/Antigravity/Simple Investing/helpers_v2.py:237: RuntimeWarning: '<' not supported between instances of 'Timestamp' and 'int', sort order is undefined for incomparable objects.
  blended_returns = blended_returns.add(monthly_ret * pct, fill_value=0.0)
/home/irieman/Pulpit/1 IT/Antigravity/Simple Investing/helpers_v2.py:237: RuntimeWarning: '<' not supported between instances of 'Timestamp' and 'int', sort order is undefined for incomparable objects.
  blended_returns = blended_returns.add(monthly_ret * pct, fill_value=0.0)
/home/irieman/Pulpit/1 IT/Antigravity/Simple Investing/helpers_v2.py:237: RuntimeWarning: '<' not supported between instances of 'Timestamp' and 'int', sort order is undefined for incomparable objects.
  blended_returns = blended_returns.add(monthly_ret * pct, fill_value=0.0)
/home/irieman/Pulpit/1 IT/Antigravity/Simple Investing/helpers_v2.py:237: RuntimeWarning: '<' not supported between instances of 'Timestamp' and 'int', sort order is undefined for incomparable objects.
  blended_returns = blended_returns.add(monthly_ret * pct, fill_value=0.0)
/home/irieman/Pulpit/1 IT/Antigravity/Simple Investing/helpers_v2.py:237: RuntimeWarning: '<' not supported between instances of 'Timestamp' and 'int', sort order is undefined for incomparable objects.
  blended_returns = blended_returns.add(monthly_ret * pct, fill_value=0.0)
/home/irieman/Pulpit/1 IT/Antigravity/Simple Investing/helpers_v2.py:237: RuntimeWarning: '<' not supported between instances of 'Timestamp' and 'int', sort order is undefined for incomparable objects.
  blended_returns = blended_returns.add(monthly_ret * pct, fill_value=0.0)
/home/irieman/Pulpit/1 IT/Antigravity/Simple Investing/helpers_v2.py:237: RuntimeWarning: '<' not supported between instances of 'Timestamp' and 'int', sort order is undefined for incomparable objects.
  blended_returns = blended_returns.add(monthly_ret * pct, fill_value=0.0)
INFO:     127.0.0.1:35778 - "GET /api/data?currency=EUR&lang=en HTTP/1.1" 200 OK
WARNING:  WatchFiles detected changes in 'helpers_v2.py'. Reloading...
INFO:     Shutting down
INFO:     Waiting for application shutdown.
2026-04-17 18:55:18,039 - INFO - Scheduler has been shut down
2026-04-17 18:55:18,039 - INFO - Scheduler shut down.
INFO:     Application shutdown complete.
INFO:     Finished server process [50674]
INFO:     Started server process [50720]
INFO:     Waiting for application startup.
2026-04-17 18:55:20,501 - INFO - Database connected successfully using Flask context.
2026-04-17 18:55:20,503 - INFO - Adding job tentatively -- it will be properly scheduled when the scheduler starts
2026-04-17 18:55:20,504 - INFO - Adding job tentatively -- it will be properly scheduled when the scheduler starts
2026-04-17 18:55:20,504 - INFO - Added job "update_job" to job store "default"
2026-04-17 18:55:20,505 - INFO - Added job "sync_macro_job" to job store "default"
2026-04-17 18:55:20,505 - INFO - Scheduler started
2026-04-17 18:55:20,505 - INFO - Scheduler started.
2026-04-17 18:55:20,506 - INFO - Application success: 🚀 ZenETFs: Nowa wersja aplikacji została pomyślnie uruchomiona na serwerze!
2026-04-17 18:55:20,506 - INFO - Sending info alert via WhatsApp.
2026-04-17 18:55:20,506 - INFO - Non-production environment (development) detected. WhatsApp alert skipped.
INFO:     Application startup complete.
/home/irieman/Pulpit/1 IT/Antigravity/Simple Investing/helpers_v2.py:237: RuntimeWarning: '<' not supported between instances of 'Timestamp' and 'int', sort order is undefined for incomparable objects.
  blended_returns = blended_returns.add(monthly_ret * pct, fill_value=0.0)
/home/irieman/Pulpit/1 IT/Antigravity/Simple Investing/helpers_v2.py:237: RuntimeWarning: '<' not supported between instances of 'Timestamp' and 'int', sort order is undefined for incomparable objects.
  blended_returns = blended_returns.add(monthly_ret * pct, fill_value=0.0)
/home/irieman/Pulpit/1 IT/Antigravity/Simple Investing/helpers_v2.py:237: RuntimeWarning: '<' not supported between instances of 'Timestamp' and 'int', sort order is undefined for incomparable objects.
  blended_returns = blended_returns.add(monthly_ret * pct, fill_value=0.0)
/home/irieman/Pulpit/1 IT/Antigravity/Simple Investing/helpers_v2.py:237: RuntimeWarning: '<' not supported between instances of 'Timestamp' and 'int', sort order is undefined for incomparable objects.
  blended_returns = blended_returns.add(monthly_ret * pct, fill_value=0.0)
/home/irieman/Pulpit/1 IT/Antigravity/Simple Investing/helpers_v2.py:237: RuntimeWarning: '<' not supported between instances of 'Timestamp' and 'int', sort order is undefined for incomparable objects.
  blended_returns = blended_returns.add(monthly_ret * pct, fill_value=0.0)
/home/irieman/Pulpit/1 IT/Antigravity/Simple Investing/helpers_v2.py:237: RuntimeWarning: '<' not supported between instances of 'Timestamp' and 'int', sort order is undefined for incomparable objects.
  blended_returns = blended_returns.add(monthly_ret * pct, fill_value=0.0)
/home/irieman/Pulpit/1 IT/Antigravity/Simple Investing/helpers_v2.py:237: RuntimeWarning: '<' not supported between instances of 'Timestamp' and 'int', sort order is undefined for incomparable objects.
  blended_returns = blended_returns.add(monthly_ret * pct, fill_value=0.0)
/home/irieman/Pulpit/1 IT/Antigravity/Simple Investing/helpers_v2.py:237: RuntimeWarning: '<' not supported between instances of 'Timestamp' and 'int', sort order is undefined for incomparable objects.
  blended_returns = blended_returns.add(monthly_ret * pct, fill_value=0.0)
/home/irieman/Pulpit/1 IT/Antigravity/Simple Investing/helpers_v2.py:237: RuntimeWarning: '<' not supported between instances of 'Timestamp' and 'int', sort order is undefined for incomparable objects.
  blended_returns = blended_returns.add(monthly_ret * pct, fill_value=0.0)
/home/irieman/Pulpit/1 IT/Antigravity/Simple Investing/helpers_v2.py:237: RuntimeWarning: '<' not supported between instances of 'Timestamp' and 'int', sort order is undefined for incomparable objects.
  blended_returns = blended_returns.add(monthly_ret * pct, fill_value=0.0)
/home/irieman/Pulpit/1 IT/Antigravity/Simple Investing/helpers_v2.py:237: RuntimeWarning: '<' not supported between instances of 'Timestamp' and 'int', sort order is undefined for incomparable objects.
  blended_returns = blended_returns.add(monthly_ret * pct, fill_value=0.0)
/home/irieman/Pulpit/1 IT/Antigravity/Simple Investing/helpers_v2.py:237: RuntimeWarning: '<' not supported between instances of 'Timestamp' and 'int', sort order is undefined for incomparable objects.
  blended_returns = blended_returns.add(monthly_ret * pct, fill_value=0.0)
/home/irieman/Pulpit/1 IT/Antigravity/Simple Investing/helpers_v2.py:237: RuntimeWarning: '<' not supported between instances of 'Timestamp' and 'int', sort order is undefined for incomparable objects.
  blended_returns = blended_returns.add(monthly_ret * pct, fill_value=0.0)
/home/irieman/Pulpit/1 IT/Antigravity/Simple Investing/helpers_v2.py:237: RuntimeWarning: '<' not supported between instances of 'Timestamp' and 'int', sort order is undefined for incomparable objects.
  blended_returns = blended_returns.add(monthly_ret * pct, fill_value=0.0)
/home/irieman/Pulpit/1 IT/Antigravity/Simple Investing/helpers_v2.py:237: RuntimeWarning: '<' not supported between instances of 'Timestamp' and 'int', sort order is undefined for incomparable objects.
  blended_returns = blended_returns.add(monthly_ret * pct, fill_value=0.0)
/home/irieman/Pulpit/1 IT/Antigravity/Simple Investing/helpers_v2.py:237: RuntimeWarning: '<' not supported between instances of 'Timestamp' and 'int', sort order is undefined for incomparable objects.
  blended_returns = blended_returns.add(monthly_ret * pct, fill_value=0.0)
/home/irieman/Pulpit/1 IT/Antigravity/Simple Investing/helpers_v2.py:237: RuntimeWarning: '<' not supported between instances of 'Timestamp' and 'int', sort order is undefined for incomparable objects.
  blended_returns = blended_returns.add(monthly_ret * pct, fill_value=0.0)
/home/irieman/Pulpit/1 IT/Antigravity/Simple Investing/helpers_v2.py:237: RuntimeWarning: '<' not supported between instances of 'Timestamp' and 'int', sort order is undefined for incomparable objects.
  blended_returns = blended_returns.add(monthly_ret * pct, fill_value=0.0)
/home/irieman/Pulpit/1 IT/Antigravity/Simple Investing/helpers_v2.py:237: RuntimeWarning: '<' not supported between instances of 'Timestamp' and 'int', sort order is undefined for incomparable objects.
  blended_returns = blended_returns.add(monthly_ret * pct, fill_value=0.0)
/home/irieman/Pulpit/1 IT/Antigravity/Simple Investing/helpers_v2.py:237: RuntimeWarning: '<' not supported between instances of 'Timestamp' and 'int', sort order is undefined for incomparable objects.
  blended_returns = blended_returns.add(monthly_ret * pct, fill_value=0.0)
/home/irieman/Pulpit/1 IT/Antigravity/Simple Investing/helpers_v2.py:237: RuntimeWarning: '<' not supported between instances of 'Timestamp' and 'int', sort order is undefined for incomparable objects.
  blended_returns = blended_returns.add(monthly_ret * pct, fill_value=0.0)
/home/irieman/Pulpit/1 IT/Antigravity/Simple Investing/helpers_v2.py:237: RuntimeWarning: '<' not supported between instances of 'Timestamp' and 'int', sort order is undefined for incomparable objects.
  blended_returns = blended_returns.add(monthly_ret * pct, fill_value=0.0)
/home/irieman/Pulpit/1 IT/Antigravity/Simple Investing/helpers_v2.py:237: RuntimeWarning: '<' not supported between instances of 'Timestamp' and 'int', sort order is undefined for incomparable objects.
  blended_returns = blended_returns.add(monthly_ret * pct, fill_value=0.0)
/home/irieman/Pulpit/1 IT/Antigravity/Simple Investing/helpers_v2.py:237: RuntimeWarning: '<' not supported between instances of 'Timestamp' and 'int', sort order is undefined for incomparable objects.
  blended_returns = blended_returns.add(monthly_ret * pct, fill_value=0.0)
INFO:     127.0.0.1:43384 - "GET /api/data?currency=PLN&lang=pl&inflation=true HTTP/1.1" 200 OK
WARNING:  WatchFiles detected changes in 'local_main.py', 'head_main.py'. Reloading...
INFO:     Shutting down
INFO:     Waiting for application shutdown.
2026-04-17 19:11:59,895 - INFO - Scheduler has been shut down
2026-04-17 19:11:59,896 - INFO - Scheduler shut down.
INFO:     Application shutdown complete.
INFO:     Finished server process [50720]
INFO:     Started server process [51945]
INFO:     Waiting for application startup.
2026-04-17 19:12:01,671 - INFO - Database connected successfully using Flask context.
2026-04-17 19:12:01,673 - INFO - Adding job tentatively -- it will be properly scheduled when the scheduler starts
2026-04-17 19:12:01,673 - INFO - Adding job tentatively -- it will be properly scheduled when the scheduler starts
2026-04-17 19:12:01,674 - INFO - Added job "update_job" to job store "default"
2026-04-17 19:12:01,674 - INFO - Added job "sync_macro_job" to job store "default"
2026-04-17 19:12:01,674 - INFO - Scheduler started
2026-04-17 19:12:01,674 - INFO - Scheduler started.
2026-04-17 19:12:01,674 - INFO - Application success: 🚀 ZenETFs: Nowa wersja aplikacji została pomyślnie uruchomiona na serwerze!
2026-04-17 19:12:01,675 - INFO - Sending info alert via WhatsApp.
2026-04-17 19:12:01,675 - INFO - Non-production environment (development) detected. WhatsApp alert skipped.
INFO:     Application startup complete.
WARNING:  WatchFiles detected changes in 'helpers_v2.py'. Reloading...
INFO:     Shutting down
INFO:     Waiting for application shutdown.
2026-04-17 19:20:46,666 - INFO - Scheduler has been shut down
2026-04-17 19:20:46,667 - INFO - Scheduler shut down.
INFO:     Application shutdown complete.
INFO:     Finished server process [51945]
INFO:     Started server process [52722]
INFO:     Waiting for application startup.
2026-04-17 19:20:48,940 - INFO - Database connected successfully using Flask context.
2026-04-17 19:20:48,942 - INFO - Adding job tentatively -- it will be properly scheduled when the scheduler starts
2026-04-17 19:20:48,943 - INFO - Adding job tentatively -- it will be properly scheduled when the scheduler starts
2026-04-17 19:20:48,943 - INFO - Added job "update_job" to job store "default"
2026-04-17 19:20:48,943 - INFO - Added job "sync_macro_job" to job store "default"
2026-04-17 19:20:48,943 - INFO - Scheduler started
2026-04-17 19:20:48,944 - INFO - Scheduler started.
2026-04-17 19:20:48,944 - INFO - Application success: 🚀 ZenETFs: Nowa wersja aplikacji została pomyślnie uruchomiona na serwerze!
2026-04-17 19:20:48,944 - INFO - Sending info alert via WhatsApp.
2026-04-17 19:20:48,944 - INFO - Non-production environment (development) detected. WhatsApp alert skipped.
INFO:     Application startup complete.
WARNING:  WatchFiles detected changes in 'gunicorn_conf.py'. Reloading...
INFO:     Shutting down
INFO:     Waiting for application shutdown.
2026-04-17 19:20:58,876 - INFO - Scheduler has been shut down
2026-04-17 19:20:58,877 - INFO - Scheduler shut down.
INFO:     Application shutdown complete.
INFO:     Finished server process [52722]
INFO:     Started server process [52745]
INFO:     Waiting for application startup.
2026-04-17 19:21:00,820 - INFO - Database connected successfully using Flask context.
2026-04-17 19:21:00,823 - INFO - Adding job tentatively -- it will be properly scheduled when the scheduler starts
2026-04-17 19:21:00,824 - INFO - Adding job tentatively -- it will be properly scheduled when the scheduler starts
2026-04-17 19:21:00,825 - INFO - Added job "update_job" to job store "default"
2026-04-17 19:21:00,825 - INFO - Added job "sync_macro_job" to job store "default"
2026-04-17 19:21:00,826 - INFO - Scheduler started
2026-04-17 19:21:00,826 - INFO - Scheduler started.
2026-04-17 19:21:00,827 - INFO - Application success: 🚀 ZenETFs: Nowa wersja aplikacji została pomyślnie uruchomiona na serwerze!
2026-04-17 19:21:00,827 - INFO - Sending info alert via WhatsApp.
2026-04-17 19:21:00,827 - INFO - Non-production environment (development) detected. WhatsApp alert skipped.
INFO:     Application startup complete.
WARNING:  WatchFiles detected changes in 'main.py'. Reloading...
INFO:     Shutting down
INFO:     Waiting for application shutdown.
2026-04-17 19:21:08,455 - INFO - Scheduler has been shut down
2026-04-17 19:21:08,455 - INFO - Scheduler shut down.
INFO:     Application shutdown complete.
INFO:     Finished server process [52745]
INFO:     Started server process [52761]
INFO:     Waiting for application startup.
2026-04-17 19:21:10,129 - INFO - Database connected successfully using Flask context.
2026-04-17 19:21:10,132 - INFO - Adding job tentatively -- it will be properly scheduled when the scheduler starts
2026-04-17 19:21:10,132 - INFO - Adding job tentatively -- it will be properly scheduled when the scheduler starts
2026-04-17 19:21:10,133 - INFO - Added job "update_job" to job store "default"
2026-04-17 19:21:10,133 - INFO - Added job "sync_macro_job" to job store "default"
2026-04-17 19:21:10,133 - INFO - Scheduler started
2026-04-17 19:21:10,133 - INFO - Scheduler started.
INFO:     Application startup complete.
